250 1444
164 164 164 164 164 164 164 164 164 164 164 164 164 164 164 164 164 164 164 164 164 164 164 164 164 164 164 164 164 164 164 164 164 164 164 164 164 164 187 187 187 187 187 187 187 187 187 187 47 47 47 47 47 47 47 47 47 47 33 33 18 18 18 18 18 18 18 136 136 136 136 136 136 136 136 216 216 216 216 216 216 216 216 216 216 216 216 216 216 216 216 216 216 216 216 216 216 216 216 216 216 216 216 216 216 216 216 216 216 216 216 216 216 216 216 216 216 216 216 216 216 216 216 216 216 216 216 216 216 216 216 216 216 216 216 216 216 216 216 216 216 216 216 216 216 216 216 216 216 216 216 216 216 216 216 216 216 216 216 216 216 216 216 216 216 216 216 54 54 54 54 190 190 190 190 190 75 75 75 75 75 75 75 75 75 75 75 75 75 75 75 75 75 75 75 75 75 75 75 75 75 75 75 75 75 75 7 7 7 7 7 7 7 7 7 7 7 7 110 110 110 110 110 32 32 32 32 32 214 214 214 214 214 175 175 175 175 175 175 175 175 175 175 175 175 175 175 175 175 175
