50 433
24 35 14 31 10 48 11 16 28 29 42 38 30 8 0 46 19 12 21 43 47 22 49 7 39 18 33 1 40 17 36 15 44 26 27 5 2 13 32 45 37 23 6 34 4 3 41 25 9 20
