250 2282
29 29 29 173 173 126 126 126 126 126 99 99 99 96 96 3 3 215 215 66 66 237 237 237 237 237 247 247 247 247 189 189 189 189 189 189 23 73 16 10 10 115 115 228 228 15 241 241 241 241 241 65 65 40 210 210 210 210 127 144 123 223 249 249 249 249 249 249 127 127 11 11 128 128 15 15 121 121 121 215 20 145 245 245 245 245 245 118 118 59 59 199 193 151 151 114 114 114 114 114 177 184 65 173 21 21 21 21 156 156 156 156 156 2 14 14 85 192 192 166 213 213 97 97 97 97 111 88 88 14 14 158 158 158 239 239 180 77 77 77 152 152 152 114 114 79 140 140 210 210 210 210 210 210 210 210 210 7 204 204 204 204 110 110 110 110 228 228 228 228 222 222 222 222 222 228 228 98 3 3 3 3 228 228 228 171 171 234 234 89 89 89 157 157 157 157 157 157 157 157 157 157 157 157 157 99 232 132 132 132 0 36 36 36 36 36 64 63 127 127 131 131 131 131 131 131 84 84 83 233 62 62 62 175 150 150 80 80 80 80 125 81 0 0 0 0 0 0 154 154
