250 2327
7 132 71 42 132 87 71 71 50 66 66 198 198 212 212 18 198 87 212 219 87 87 66 219 219 42 66 132 132 198 18 71 87 50 132 50 50 66 50 66 7 71 66 119 7 219 132 71 132 66 132 42 198 66 132 42 119 219 42 66 50 87 18 119 66 7 18 18 132 132 87 18 87 87 198 50 66 87 132 198 87 212 66 7 198 66 71 66 132 219 42 7 119 212 212 18 219 212 119 132 87 198 119 219 219 42 7 119 219 50 18 7 132 212 66 50 212 7 71 71 119 42 212 71 66 71 42 71 42 219 119 87 212 219 212 219 7 119 87 7 50 119 198 71 212 198 7 87 219 87 18 18 50 66 132 87 7 87 42 198 198 18 50 119 119 87 87 132 18 119 42 119 66 71 7 7 87 198 119 198 18 7 71 18 212 18 42 66 42 18 7 42 50 198 7 71 132 7 18 212 18 66 132 7 219 66 42 7 42 132 7 212 66 87 219 71 66 87 7 18 132 42 18 132 50 7 132 42 219 71 42 7 18 50 50 87 119 50 132 219 50 198 7 132 18 198 66 42 18 18
