250 2588
42 2 16 59 12 100 5 74 107 20 15 19 113 37 9 3 44 68 12 83 8 75 119 52 4 51 72 8 75 38 69 118 67 60 53 33 102 62 26 0 28 31 109 65 59 118 71 35 96 99 115 11 114 54 91 104 123 70 69 34 5 121 80 28 120 79 95 92 35 22 56 3 94 64 13 52 34 78 2 41 77 23 65 64 14 46 40 44 81 124 57 36 119 96 70 49 77 13 43 82 24 108 111 29 47 86 98 22 85 95 92 100 39 19 107 88 87 25 93 45 108 71 10 112 117 86 21 111 82 45 56 20 105 90 97 60 89 91 122 31 4 17 113 40 39 18 33 123 27 55 103 110 54 48 58 76 55 68 61 53 105 103 46 116 36 7 6 89 38 121 11 66 73 57 30 63 80 51 30 106 124 112 16 79 48 115 120 25 62 106 42 49 6 76 88 47 58 83 21 1 50 122 0 87 32 114 29 18 10 85 102 84 63 37 24 66 110 73 23 104 90 50 27 61 101 99 1 101 43 14 94 7 93 41 116 81 26 97 15 74 32 109 78 84 72 98 67 117 17 9
