50 404
22 19 14 1 13 5 0 7 0 3 24 10 17 4 12 14 21 8 9 16 15 12 7 16 11 24 3 1 11 6 5 18 23 23 21 18 13 4 22 2 6 10 20 8 19 2 9 17 20 15
