50 271
24 24 21 43 26 21 21 43 21 43 24 24 43 24 45 26 21 24 21 26 26 24 21 45 26 35 24 21 21 21 35 45 24 0 43 35 43 45 21 0 26 24 0 24 24 43 26 0 24 0
