250 1947
212 223 106 27 220 247 247 107 101 212 101 170 151 217 27 185 107 170 223 170 171 57 26 44 86 106 212 171 220 103 218 27 171 141 101 170 238 53 247 141 170 53 64 107 170 53 101 27 26 185 238 86 171 26 223 103 107 246 44 86 98 103 170 217 176 53 151 217 107 53 12 171 185 85 246 247 86 57 246 151 185 220 85 151 238 238 141 238 114 107 223 53 98 94 57 185 246 223 141 106 85 212 85 247 27 223 151 212 185 98 12 171 101 27 98 238 26 171 64 27 94 107 247 98 220 171 217 53 238 238 106 141 170 44 238 141 220 27 94 212 101 64 151 44 107 246 141 171 185 44 220 26 223 107 218 247 246 218 57 220 26 106 106 44 176 101 106 220 141 185 101 141 171 26 217 151 185 44 57 176 26 220 12 151 27 86 247 176 246 151 176 151 53 217 185 44 44 141 85 238 27 212 98 64 44 247 12 238 86 103 85 26 26 12 170 53 217 247 223 94 98 114 27 44 101 103 26 26 170 44 176 114 107 64 141 151 176 94 171 170 94 98 98 170 26 141 238 223 141 171
