50 393
39 42 41 14 34 4 23 16 28 19 32 39 31 40 47 27 3 49 0 39 18 7 29 17 48 2 12 48 36 38 30 4 42 26 18 35 4 15 12 23 43 25 12 42 26 46 41 4 26 30
