250 2551
27 218 11 45 122 128 23 175 6 141 78 173 176 236 9 82 50 133 129 123 125 235 230 240 196 154 104 37 73 42 126 65 44 168 122 62 237 113 231 185 111 12 172 16 68 199 70 247 181 61 160 149 202 113 183 102 207 117 139 29 244 118 24 26 228 54 149 128 28 197 105 144 3 95 75 165 108 177 90 218 49 232 126 189 113 74 221 149 58 177 156 161 164 34 166 226 103 110 124 25 32 122 2 152 169 192 243 205 165 242 51 241 176 49 22 50 240 163 41 157 138 61 68 236 75 193 55 156 248 127 62 244 45 151 142 205 27 214 207 235 236 136 230 18 218 172 53 58 157 186 52 238 179 30 147 64 13 95 152 4 148 96 169 228 213 65 135 17 100 196 184 163 238 62 245 106 217 212 40 159 50 15 128 118 18 221 49 218 40 104 231 198 161 141 227 144 58 34 35 96 158 115 116 144 87 209 31 168 73 205 238 163 151 208 242 135 150 185 105 68 216 136 221 54 200 46 87 204 176 39 60 1 120 97 5 207 4 193 247 104 68 227 113 100 143 226 117 167 31 171
