250 1719
218 149 27 80 188 152 65 177 100 188 80 188 36 27 36 100 152 27 27 218 152 149 36 177 80 104 65 50 65 208 208 149 50 27 36 50 100 65 190 50 65 100 36 104 188 152 65 208 149 208 80 27 50 47 47 152 104 65 65 152 208 152 188 100 36 104 177 50 149 190 100 177 149 36 149 208 36 100 47 208 65 100 80 100 208 149 152 149 100 50 65 190 50 100 190 188 47 104 188 36 27 47 36 47 208 80 177 65 27 152 47 80 50 47 104 177 104 188 65 177 177 188 27 190 188 152 65 47 50 152 27 36 80 100 218 47 149 47 149 177 149 80 36 50 218 190 104 27 188 218 80 47 104 152 188 100 190 104 188 218 65 50 190 47 188 218 188 149 47 80 152 80 27 177 47 36 47 208 36 80 218 218 104 100 149 152 50 100 208 80 208 149 208 104 27 100 100 47 80 177 65 218 50 100 27 65 47 47 149 80 177 188 27 65 152 47 47 50 177 177 152 36 152 104 80 80 36 152 188 152 188 190 190 218 190 190 104 47 218 149 80 218 152 47 152 36 50 27 177 80
