250 2262
126 46 55 193 158 67 165 46 191 119 197 110 36 25 51 160 112 165 25 190 216 27 105 73 36 20 11 131 202 110 114 61 96 188 20 30 8 4 249 202 249 53 165 73 193 55 236 168 96 248 161 38 5 242 187 81 101 119 232 187 110 223 43 158 167 9 25 168 8 188 101 202 188 62 145 62 187 36 188 187 11 38 214 142 53 131 112 27 224 9 62 219 249 27 37 185 242 119 98 188 249 6 61 126 190 51 112 158 224 31 138 9 131 119 131 160 68 81 229 105 229 46 223 73 4 170 27 6 224 213 161 62 173 188 158 161 138 3 114 125 67 213 61 122 124 191 110 112 219 8 38 232 114 61 142 232 3 110 167 13 213 173 38 3 165 96 161 173 213 202 209 168 202 119 131 5 101 4 163 73 53 9 55 119 96 138 31 122 84 142 30 112 213 124 101 168 5 131 219 197 38 197 96 187 202 11 209 126 161 30 242 173 216 248 229 119 209 73 168 191 193 216 31 112 67 1 43 1 96 229 173 122 216 46 232 11 3 169 224 138 30 191 114 119 51 219 167 112 167 219
