250 2690
53 14 161 125 235 116 238 65 189 77 177 145 0 173 58 43 91 50 65 173 74 168 212 48 233 186 229 88 92 11 154 137 121 210 157 53 234 218 25 31 85 103 0 140 8 177 12 214 41 125 234 226 176 29 151 243 189 37 247 217 82 20 133 53 125 140 98 48 21 131 194 87 112 248 143 125 180 189 104 177 170 113 104 49 221 163 83 147 89 236 173 144 5 23 136 136 235 233 59 64 79 59 193 219 151 149 199 238 105 220 77 214 33 139 207 99 27 67 193 165 247 169 196 30 65 19 119 197 213 104 173 39 240 72 246 16 4 133 175 30 131 88 153 211 18 72 3 104 70 30 127 47 34 101 209 121 84 123 226 94 226 31 124 226 3 132 88 140 157 52 182 127 186 237 220 77 106 18 44 184 131 227 195 0 55 220 36 115 103 164 247 30 211 89 59 91 133 15 178 249 170 228 132 93 3 9 172 202 215 17 39 230 118 129 183 14 165 177 244 136 124 93 183 112 220 246 142 10 75 209 216 187 181 218 99 248 120 232 109 69 131 205 28 178 122 95 36 126 201 24
