49 380
24 20 0 0 15 32 39 34 32 14 41 37 38 27 3 48 7 6 35 18 23 33 14 14 9 32 20 30 10 32 24 44 11 47 36 4 23 33 23 34 38 39 4 37 3 6 40 7 20
