250 2590
170 154 213 80 110 236 64 34 82 17 1 73 249 138 164 6 118 111 56 108 151 22 131 87 87 247 149 185 52 174 132 44 53 62 223 10 25 38 150 158 204 163 69 62 77 44 160 107 91 232 127 189 6 204 202 65 235 95 28 64 5 202 1 209 127 204 73 140 86 223 217 20 11 104 69 6 223 18 223 248 160 56 3 217 184 206 42 121 107 171 158 97 65 64 26 47 180 10 215 15 29 10 206 111 91 135 178 102 234 138 176 17 20 159 180 167 162 67 21 41 101 202 106 196 48 237 248 196 6 6 178 22 127 147 178 236 44 244 188 78 221 125 176 70 94 156 107 10 139 135 108 110 140 247 156 53 45 249 228 132 207 172 226 184 68 61 244 134 158 25 101 135 11 132 73 181 79 240 80 170 98 76 46 57 6 72 65 102 124 127 185 16 197 67 117 172 96 95 150 142 113 246 10 65 242 76 36 48 29 118 230 171 236 29 98 60 27 147 223 161 206 70 6 135 171 69 124 90 75 38 163 135 232 101 132 226 163 148 246 34 177 247 124 142 77 40 101 76 48 8
