50 404
19 16 26 11 46 36 4 14 33 26 34 15 0 7 16 35 24 19 21 26 35 12 34 35 16 20 17 19 41 14 3 19 36 22 34 13 11 47 17 12 47 11 37 46 12 21 25 4 33 37
