50 416
18 8 32 9 0 1 34 11 10 3 20 29 38 13 36 6 23 46 39 15 41 44 17 27 7 33 37 40 42 19 26 49 2 12 47 21 24 48 45 30 5 14 16 43 22 31 28 25 4 35
