250 2016
19 218 123 46 19 16 19 218 123 119 187 127 16 187 46 178 16 178 16 26 123 187 46 178 19 26 119 178 127 178 16 187 46 218 123 187 16 123 16 127 19 178 218 123 127 119 187 16 119 16 46 16 16 46 119 218 127 46 119 46 26 218 187 19 46 218 218 178 127 123 26 46 46 119 19 19 187 46 127 46 19 46 127 19 46 46 178 19 127 127 127 187 218 178 178 119 16 187 123 19 187 46 16 187 127 26 178 19 218 123 19 19 218 178 26 19 127 46 218 178 218 218 16 26 127 46 127 26 187 127 178 19 187 19 46 26 16 187 19 119 26 46 16 26 127 26 19 187 46 16 16 123 46 119 178 19 119 127 178 46 178 187 127 178 187 119 19 187 46 127 127 123 123 218 26 46 119 16 119 19 19 127 123 19 218 187 19 26 19 187 127 187 26 16 123 19 187 119 46 123 178 46 187 127 187 127 16 187 46 46 187 127 16 123 16 187 187 178 119 26 16 127 16 46 19 46 119 123 123 178 123 19 127 19 178 178 127 218 127 19 218 19 178 218 16 127 127 123 178 187
