250 2348
188 119 188 69 90 89 39 12 119 12 220 248 1 1 39 1 55 188 222 55 89 188 208 69 110 55 110 69 1 207 39 248 90 39 222 208 222 12 69 248 90 1 222 220 119 110 69 89 248 222 12 90 90 69 89 188 119 89 1 110 188 119 12 220 208 220 12 90 89 110 119 220 90 119 110 208 119 1 207 110 89 39 89 248 39 119 222 1 110 69 110 39 12 119 110 1 90 208 69 208 222 220 207 110 39 119 89 110 110 207 208 12 1 220 220 55 220 220 89 222 222 89 207 220 12 110 220 207 39 207 89 220 222 12 55 1 90 188 39 222 207 1 69 119 90 220 207 39 89 208 55 55 69 1 222 119 119 119 69 119 119 1 208 207 188 248 55 90 90 110 110 69 207 55 207 220 119 208 1 220 89 39 1 222 55 207 208 222 69 110 119 55 55 1 119 69 220 119 12 207 188 69 1 55 89 119 89 248 69 188 89 208 90 39 55 119 220 55 1 188 89 55 222 90 55 110 222 90 222 55 90 222 207 110 188 55 188 55 119 207 119 1 69 208 110 39 110 110 1 90
