250 2535
62 98 73 44 30 75 75 151 12 48 75 91 62 214 214 25 107 75 151 189 12 80 91 151 214 148 73 53 42 42 117 30 151 48 53 119 119 151 66 174 107 83 233 157 80 214 213 91 189 30 174 75 233 12 214 44 189 50 62 69 98 62 213 66 119 233 42 42 174 174 189 214 85 42 148 148 66 83 56 80 223 213 48 66 48 213 56 73 12 42 157 25 237 107 73 56 91 213 91 174 107 50 80 189 75 91 73 69 148 91 42 91 189 119 148 56 91 9 119 174 126 91 53 66 197 69 30 53 53 157 69 233 151 42 56 98 62 151 48 197 44 117 50 75 66 80 107 151 214 107 48 80 80 73 75 25 25 148 44 237 50 80 213 148 214 62 117 56 62 44 237 151 83 80 42 126 62 30 30 157 223 75 151 75 66 42 126 73 83 83 30 85 53 91 98 83 66 66 214 30 66 50 107 12 148 75 197 75 53 25 56 91 25 189 197 107 223 233 151 197 62 214 151 42 189 12 80 12 9 107 98 233 50 50 91 119 12 151 223 62 197 62 233 223 126 25 56 117 75 233
