50 375
40 5 16 40 16 16 16 40 5 16 16 16 5 40 40 16 16 16 40 16 5 5 5 5 5 5 5 5 5 40 5 16 40 40 16 5 16 40 40 5 5 16 5 40 5 16 40 5 5 40
