250 2248
218 218 100 131 20 221 88 100 229 229 221 175 43 221 130 88 43 229 88 221 218 100 175 221 131 71 183 183 17 183 175 218 131 100 17 183 100 17 160 88 229 184 229 130 184 160 17 184 229 229 175 218 218 71 131 218 160 131 20 43 184 43 218 229 175 218 20 184 183 43 160 20 100 131 71 183 175 183 221 218 229 88 229 20 20 175 218 131 221 20 43 183 221 131 20 43 20 160 43 218 184 71 160 175 184 100 71 17 229 88 184 183 131 130 130 184 184 43 71 184 131 17 218 229 221 221 183 88 131 43 160 229 160 131 183 221 43 183 175 160 43 71 100 71 20 160 130 130 183 175 221 229 43 131 43 160 17 20 184 221 218 88 160 131 175 88 218 229 131 221 218 221 218 130 131 131 184 229 88 221 88 221 160 221 130 100 100 17 175 229 130 184 175 71 43 100 160 184 88 160 88 17 160 131 88 218 130 130 160 71 131 20 218 221 100 17 17 130 221 20 17 71 100 88 88 175 221 100 229 175 100 218 218 43 218 100 221 218 175 43 160 175 71 131 100 131 184 17 43 183
