250 2197
110 110 243 110 110 243 49 49 137 72 50 72 243 110 50 72 248 49 24 147 147 49 248 248 243 72 147 24 72 248 147 84 50 110 147 243 49 137 72 243 110 49 72 84 110 84 147 147 243 137 248 50 110 147 84 24 84 50 243 248 243 50 49 147 49 110 243 49 50 137 49 147 248 72 50 243 49 49 50 72 248 72 147 137 243 248 72 110 50 137 147 24 110 243 84 110 72 72 147 50 24 248 110 50 49 49 248 243 24 24 49 24 147 72 72 147 243 72 147 243 50 72 243 49 49 110 49 24 24 110 50 50 110 24 147 49 110 110 248 24 137 84 137 110 50 72 243 50 49 84 110 24 84 24 72 84 50 72 137 24 137 84 84 50 72 24 137 147 72 243 84 137 248 84 49 243 248 243 243 24 24 72 49 24 24 243 49 243 24 137 50 24 50 84 49 49 72 110 243 50 243 147 248 248 50 110 49 243 50 49 24 49 72 147 72 147 110 84 110 243 243 243 49 84 248 243 50 72 50 84 248 24 24 49 84 243 243 84 84 84 72 24 50 137 50 72 24 243 110 72
