250 2149
34 150 18 156 62 150 226 172 168 133 18 150 18 172 249 172 62 156 34 241 18 18 249 18 226 18 18 139 62 249 150 172 156 226 226 150 133 204 204 156 241 139 156 34 133 18 156 62 172 241 133 150 249 34 156 139 232 18 172 150 204 150 34 172 156 232 62 168 226 62 232 34 62 226 62 232 172 172 62 249 18 204 18 204 232 156 62 249 62 133 249 18 34 241 133 249 226 204 139 133 226 62 204 18 150 168 172 34 204 34 241 150 168 204 204 133 133 156 204 249 172 232 226 226 249 204 232 168 62 241 226 150 232 172 34 62 139 232 226 150 18 18 18 150 139 172 62 168 168 34 241 139 150 232 172 156 133 204 241 18 249 241 150 156 172 34 150 249 133 34 62 139 156 150 34 204 172 150 226 62 232 241 62 172 62 172 34 18 139 133 62 226 133 241 18 139 249 232 226 34 156 34 232 168 156 226 156 204 241 249 150 241 34 249 139 62 139 241 18 133 62 168 133 172 156 172 249 34 172 62 241 133 150 226 172 172 18 156 168 249 249 241 18 172 133 62 226 168 249 34
