488770893818
488770893818
488770893818
488770893818
488770893818
