495860506822
495860506822
495860506822
495860506822
495860506822
