24988165506548
24987663919650
24987663919650
24987663919650
24987663919650
