25071161060829
25071161060829
25071161060829
25071161060829
25071161060829
