24899675330685
24899675330685
24899675330685
24899675330685
24899675330685
