1110620165305
1488883026395
484684117199
1039282408192
1449821390364
