504522659572
1494096356874
1326169041379
530818187413
887284040692
