47468457847091
24985616360377
38705178981706
47472204094849
28137535101793
