2412828
1922117
1327147
965330
1085799
1564240
1690944
1688948
2415056
1441542
