7643905133299046
28184208216232992
397398112600514
439994136720137
32751552084610538
34770551047442984
2746924426773012
1660650876324804
36635310270169815
52687563609961576
