42214045518871
72831432357696
590641773997148
38954091559748
2020663055796
127157852441461
181696136766832
72411040396563
494394810335232
267249207833336
