190697287624219
53603131790026
103217577508362
19182529285386
541772654508376
202493818900847
40634954006094
98609882258122
291520925855683
247847606357154
