209059603741141
179481179940217
320133949987194
389284374280293
3450473671431
24432829075090
2164055762728
19957133648605
36369151512141
394914390055062
