2405489897539184
2586868257938796
2702940400172773
2629907237390536
2640721392702080
2578972752495714
2727743433629036
2570186048325034
2632300904480169
2266718396003546
