651894878062
512582096388
15792106537
459079852054
15842273520
689997000258
616298477438
1284680392785
1095463111288
933439831580
