108619291079
990323281457
277892965658
144910255732
749315886497
144888274822
217381682368
362050521915
337962387798
422744007510
