1337956679256682
5138629576838644
7056810371616217
1336769972086140
2720166362231832
14728663797798374
5546639783777212
5706775488206184
12470236470134251
13104131917722958
