8050883454453816
5670584512600408
2275813987619233
9814091791728412
7134886557645243
5205068377146451
3282832842432368
3272159727636609
2269451021699826
117159038466252
