6412340509709660
10872899985832069
1672131114753238
2688726215610605
2378253963879308
71181787810710
17428488778058831
14311065413585222
673843438974352
10059443784024464
