7500581027193899
13496360938363723
12671644572672678
1258703524163698
225371251347394
8488911140500332
7537472737432231
7840736236554241
9684936420100260
2290700844724158
