24
42978 42978 58828 42978 58828 58828 42978 58828 58828 141287 42978 3496 3496 141287 58828 42978 42978 58828 58828 141287 58828 42978 42978 3496
