24
57218 127363 57218 159037 127363 159037 48613 57218 159037 57218 57218 127363 127363 159037 159037 57218 57218 57218 57218 48613 121706 121706 57218 121706
